Microchip MPLAB XC8 Compiler V2.35

Linker command line:

-W-3 --edf=C:\Program Files\Microchip\xc8\v2.35\pic\dat\en_msgs.txt -cn \
  -h+dist/default/production\Lab3M.X.production.sym \
  --cmf=dist/default/production\Lab3M.X.production.cmf -z -Q16F887 \
  -oC:\Users\jorge\AppData\Local\Temp\xcAsaac.4 --defsym=__MPLAB_BUILD=1 \
  -Mdist/default/production/Lab3M.X.production.map \
  --md=C:\Users\jorge\AppData\Local\Temp\xcAsaac.dat -E1 -ver=XC8 Compiler \
  --acfsm=1493 -ACODE=00h-07FFhx4 -ASTRCODE=00h-01FFFh -ASTRING=00h-0FFhx32 \
  -ACONST=00h-0FFhx32 -AENTRY=00h-0FFhx32 -ACOMMON=070h-07Fh \
  -ABANK0=020h-06Fh -ABANK1=0A0h-0EFh -ABANK2=0110h-016Fh \
  -ABANK3=0190h-01EFh -ARAM=020h-06Fh,0A0h-0EFh,0110h-016Fh,0190h-01EFh \
  -AABS1=020h-07Fh,0A0h-0EFh,0110h-016Fh,0190h-01EFh -ASFR0=00h-01Fh \
  -ASFR1=080h-09Fh -ASFR2=0100h-010Fh -ASFR3=0180h-018Fh \
  -ACONFIG=02007h-02008h -DCONFIG=2 -AIDLOC=02000h-02003h -DIDLOC=2 \
  -AEEDATA=00h-0FFh/02100h -peeprom_data=EEDATA -DEEDATA=2 -DCODE=2 \
  -DSTRCODE=2 -DSTRING=2 -DCONST=2 -DENTRY=2 \
  -preset_vec=00h,intentry=04h,init,end_init -ppowerup=CODE -pcinit=CODE \
  -pfunctab=ENTRY -k C:\Users\jorge\AppData\Local\Temp\xcAsaac.o \
  dist/default/production\Lab3M.X.production.o 

Object code version is 3.11

Machine type is 16F887



                Name                               Link     Load   Length Selector   Space Scale
C:\Users\jorge\AppData\Local\Temp\xcAsaac.o
                end_init                              C        C        3        8       0
                reset_vec                             0        0        3        0       0
                config                             2007     2007        2        0       4
                idloc                              2000     2000        4        0       5
dist/default/production\Lab3M.X.production.o
                cinit                                 F        F        8        8       0
                intentry                              4        4        8        8       0
                config                             2007     2007        2        0       4
                idloc                              2000     2000        4        0       5
                text10                              181      181        6        8       0
                text9                               117      117       1F        8       0
                text8                                DE       DE       39        8       0
                text7                               14F      14F       16        8       0
                text6                               136      136       19        8       0
                text5                               16E      16E        7        8       0
                text4                               165      165        9        8       0
                text3                               17B      17B        6        8       0
                text2                                17       17       64        8       0
                text1                               175      175        6        8       0
                maintext                             7B       7B       63        8       0
                cstackBANK0                          20       20        2       20       1
                cstackCOMMON                         70       70        7       70       1
                bssCOMMON                            77       77        4       70       1

TOTAL           Name                               Link     Load   Length     Space
        CLASS   CODE           
                end_init                              C        C        3         0
                cinit                                 F        F        8         0
                intentry                              4        4        8         0
                reset_vec                             0        0        3         0
                text10                              181      181        6         0
                text9                               117      117       1F         0
                text8                                DE       DE       39         0
                text7                               14F      14F       16         0
                text6                               136      136       19         0
                text5                               16E      16E        7         0
                text4                               165      165        9         0
                text3                               17B      17B        6         0
                text2                                17       17       64         0
                text1                               175      175        6         0
                maintext                             7B       7B       63         0

        CLASS   STRCODE        

        CLASS   STRING         

        CLASS   CONST          

        CLASS   ENTRY          

        CLASS   COMMON         
                cstackCOMMON                         70       70        7         1
                bssCOMMON                            77       77        4         1

        CLASS   BANK0          
                cstackBANK0                          20       20        2         1

        CLASS   BANK1          

        CLASS   BANK2          

        CLASS   BANK3          

        CLASS   RAM            

        CLASS   ABS1           
                abs_s1                               7E       7E        2         1

        CLASS   SFR0           

        CLASS   SFR1           

        CLASS   SFR2           

        CLASS   SFR3           

        CLASS   CONFIG         
                config                             2007     2007        2         4

        CLASS   IDLOC          
                idloc                              2000     2000        4         5

        CLASS   EEDATA         

        CLASS   STACK          



SEGMENTS        Name                           Load    Length   Top    Selector   Space  Class     Delta

                reset_vec                      000000  000003  000003         0       0  CODE        2
                intentry                       000004  000183  000187         8       0  CODE        2
                cstackBANK0                    000020  000002  000022        20       1  BANK0       1
                cstackCOMMON                   000070  00000B  00007B        70       1  COMMON      1


UNUSED ADDRESS RANGES

        Name                Unused          Largest block    Delta
        BANK0            0022-006F             4E           1
        BANK1            00A0-00EF             50           1
        BANK2            0110-016F             60           1
        BANK3            0190-01EF             60           1
        CODE             0003-0003              1           2
                         0187-1FFF            800
        COMMON           007B-007D              3           1
        CONST            0003-0003              1           2
                         0187-1FFF            100
        EEDATA           2100-21FF            100           2
        ENTRY            0003-0003              1           2
                         0187-1FFF            100
        RAM              0022-006F             4E           1
                         00A0-00EF             50
                         0110-016F             60
                         0190-01EF             60
        SFR0             0000-001F             20           1
        SFR1             0080-009F             20           1
        SFR2             0100-010F             10           1
        SFR3             0180-018F             10           1
        STRCODE          0003-0003              1           2
                         0187-1FFF           1E79
        STRING           0003-0003              1           2
                         0187-1FFF            100

                                  Symbol Table

_ANSEL                   (abs)        0188
_ANSELH                  (abs)        0189
_CONTM                   bssCOMMON    007A
_CONT_TMR0               bssCOMMON    0079
_INTCONbits              (abs)        000B
_OPTION_REGbits          (abs)        0081
_OSCCONbits              (abs)        008F
_PORTB                   (abs)        0006
_PORTE                   (abs)        0009
_PORTEbits               (abs)        0009
_SPI_master              text9        0117
_SSPBUF                  (abs)        0013
_SSPCON                  (abs)        0014
_SSPSTAT                 (abs)        0094
_SSPSTATbits             (abs)        0094
_TMR0                    (abs)        0001
_TRISB                   (abs)        0086
_TRISC3                  (abs)        043B
_TRISC5                  (abs)        043D
_TRISEbits               (abs)        0089
_VALOR_DESC              bssCOMMON    0077
__Habs1                  abs1         0000
__Hbank0                 bank0        0000
__Hbank1                 bank1        0000
__Hbank2                 bank2        0000
__Hbank3                 bank3        0000
__HbssCOMMON             bssCOMMON    0000
__Hcinit                 cinit        0017
__Hclrtext               clrtext      0000
__Hcode                  code         0000
__Hcommon                common       0000
__Hconfig                config       2009
__HcstackBANK0           cstackBANK0  0000
__HcstackCOMMON          cstackCOMMON 0000
__Heeprom_data           eeprom_data  0000
__Hend_init              end_init     000F
__Hfunctab               functab      0000
__Hidloc                 idloc        2004
__Hinit                  init         000C
__Hintentry              intentry     000C
__Hmaintext              maintext     0000
__Hpowerup               powerup      0000
__Hram                   ram          0000
__Hreset_vec             reset_vec    0003
__Hsfr0                  sfr0         0000
__Hsfr1                  sfr1         0000
__Hsfr2                  sfr2         0000
__Hsfr3                  sfr3         0000
__Hspace_0               (abs)        0187
__Hspace_1               (abs)        007B
__Hspace_2               (abs)        0000
__Hspace_3               (abs)        0000
__Hspace_4               (abs)        4010
__Hstack                 stack        0000
__Hstrings               strings      0000
__Htext                  text         0000
__Labs1                  abs1         0000
__Lbank0                 bank0        0000
__Lbank1                 bank1        0000
__Lbank2                 bank2        0000
__Lbank3                 bank3        0000
__LbssCOMMON             bssCOMMON    0000
__Lcinit                 cinit        000F
__Lclrtext               clrtext      0000
__Lcode                  code         0000
__Lcommon                common       0000
__Lconfig                config       0000
__LcstackBANK0           cstackBANK0  0000
__LcstackCOMMON          cstackCOMMON 0000
__Leeprom_data           eeprom_data  0000
__Lend_init              end_init     000C
__Lfunctab               functab      0000
__Lidloc                 idloc        0000
__Linit                  init         000C
__Lintentry              intentry     0004
__Lmaintext              maintext     0000
__Lpowerup               powerup      0000
__Lram                   ram          0000
__Lreset_vec             reset_vec    0000
__Lsfr0                  sfr0         0000
__Lsfr1                  sfr1         0000
__Lsfr2                  sfr2         0000
__Lsfr3                  sfr3         0000
__Lspace_0               (abs)        0000
__Lspace_1               (abs)        0000
__Lspace_2               (abs)        0000
__Lspace_3               (abs)        0000
__Lspace_4               (abs)        0000
__Lstack                 stack        0000
__Lstrings               strings      0000
__Ltext                  text         0000
__S0                     (abs)        0187
__S1                     (abs)        007B
__S3                     (abs)        0000
___int_sp                stack        0000
___latbits               (abs)        0002
___sp                    stack        0000
___stackhi               (abs)        0000
___stacklo               (abs)        0000
__end_of_SPI_master      text9        0136
__end_of__initialization cinit        0013
__end_of_int_osc_MHz     text8        0117
__end_of_main            maintext     00DE
__end_of_setup           text6        014F
__end_of_spiInit         text7        0165
__end_of_spiRead         text4        016E
__end_of_spiReceiveWait  text5        0175
__end_of_spiWrite        text3        0181
__end_of_tmr0_init       text2        007B
__end_of_tmr0_reload     text1        017B
__end_ofi1_tmr0_reload   text10       0187
__initialization         cinit        000F
__pbssCOMMON             bssCOMMON    0077
__pcstackBANK0           cstackBANK0  0020
__pcstackCOMMON          cstackCOMMON 0070
__pintentry              intentry     0004
__pmaintext              maintext     007B
__ptext1                 text1        0175
__ptext10                text10       0181
__ptext2                 text2        0017
__ptext3                 text3        017B
__ptext4                 text4        0165
__ptext5                 text5        016E
__ptext6                 text6        0136
__ptext7                 text7        014F
__ptext8                 text8        00DE
__ptext9                 text9        0117
_i                       bssCOMMON    0078
_int_osc_MHz             text8        00DE
_main                    maintext     007B
_setup                   text6        0136
_spiInit                 text7        014F
_spiRead                 text4        0165
_spiReceiveWait          text5        016E
_spiWrite                text3        017B
_tmr0_init               text2        0017
_tmr0_reload             text1        0175
btemp                    (abs)        007E
end_of_initialization    cinit        0013
i1_tmr0_reload           text10       0181
int_osc_MHz@freq         cstackCOMMON 0075
interrupt_function       intentry     0004
intlevel0                functab      0000
intlevel1                functab      0000
intlevel2                functab      0000
intlevel3                functab      0000
intlevel4                functab      0000
intlevel5                functab      0000
reset_vec                reset_vec    0000
saved_w                  (abs)        007E
spiInit@sClockIdle       cstackCOMMON 0074
spiInit@sDataSample      cstackCOMMON 0073
spiInit@sTransmitEdge    cstackCOMMON 0075
spiInit@sType            cstackCOMMON 0076
spiWrite@dat             cstackCOMMON 0073
start                    init         000C
start_initialization     cinit        000F
tmr0_init@prescaler      cstackCOMMON 0075
wtemp0                   (abs)        007E


MODULE INFORMATION

Module		Function		Class		Link	Load	Size
Maestro.c
		_SPI_master    		CODE           	0117	0000	31
		_main          		CODE           	007B	0000	99
		_setup         		CODE           	0136	0000	25

Maestro.c estimated size: 155

oscilador.c
		_int_osc_MHz   		CODE           	00DE	0000	57

oscilador.c estimated size: 57

tmr0.c
		_tmr0_reload   		CODE           	0175	0000	6
		_tmr0_init     		CODE           	0017	0000	100

tmr0.c estimated size: 106

spi.c
		_spiWrite      		CODE           	017B	0000	6
		_spiInit       		CODE           	014F	0000	22
		_spiReceiveWait		CODE           	016E	0000	7
		_spiRead       		CODE           	0165	0000	9

spi.c estimated size: 44

shared
		__initialization		CODE           	000F	0000	4
		i1_tmr0_reload 		CODE           	0181	0000	6

shared estimated size: 10

